----------------------------------------------------------------------------------------------
      name:  <unnamed>
       log:  /Users/andrew/Desktop/PS4 Stata log.log
  log type:  text
 opened on:   5 Nov 2013, 14:00:23

. clear

. cd "~/Documents/Duke 2013-2014/Fall 2013/PubPol 604/Problem set 4/"
/Users/andrew/Documents/Duke 2013-2014/Fall 2013/PubPol 604/Problem set 4

. use "Assignment4.dta" if YOB < 40, clear

. 
. 
. *-------------

. * Question 1

. *-------------

. * See R code for graph, since Stata sucks at plotting stuff

. 
. 
. *--------------------

. * Questions 2 and 3

. *--------------------

. * See http://dl1.cuni.cz/pluginfile.php/101336/mod_resource/content/0/lecture4.pdf for a ste
> p-by-step walkthrough of IV

. 
. * Table 5, column 1

. reg LWKLYWGE EDUC i.YOB

      Source |       SS       df       MS              Number of obs =  329509
-------------+------------------------------           F( 10,329498) = 4397.45
       Model |  17878.1586    10  1787.81586           Prob > F      =  0.0000
    Residual |  133959.712329498  .406556981           R-squared     =  0.1177
-------------+------------------------------           Adj R-squared =  0.1177
       Total |  151837.871329508  .460801773           Root MSE      =  .63762

------------------------------------------------------------------------------
    LWKLYWGE |      Coef.   Std. Err.      t    P>|t|     [95% Conf. Interval]
-------------+----------------------------------------------------------------
        EDUC |    .071081    .000339   209.67   0.000     .0704166    .0717455
             |
         YOB |
         31  |  -.0063875   .0050393    -1.27   0.205    -.0162644    .0034895
         32  |  -.0148384   .0049724    -2.98   0.003    -.0245841   -.0050927
         33  |  -.0175832   .0050325    -3.49   0.000    -.0274468   -.0077195
         34  |  -.0209993   .0049845    -4.21   0.000    -.0307688   -.0112297
         35  |  -.0328947   .0049515    -6.64   0.000    -.0425994     -.02319
         36  |  -.0317808   .0049557    -6.41   0.000    -.0414937   -.0220678
         37  |  -.0367121   .0049082    -7.48   0.000    -.0463321   -.0270921
         38  |  -.0368905   .0048656    -7.58   0.000     -.046427   -.0273539
         39  |  -.0481636   .0048468    -9.94   0.000    -.0576633    -.038664
             |
       _cons |   5.017348   .0054706   917.14   0.000     5.006626    5.028071
------------------------------------------------------------------------------

. outreg2 using Question2.xls, se dec(5) title(Quarter of Birth Instrument) ctitle(OLS) keep(E
> DUC) nocons addn("Constants suppressed") addtext(Year fixed effects, Yes) alpha(0.001, 0.01,
>  0.05) replace
Question2.xls
dir : seeout

. 
. * Table 5, column 2

. * Manually

. * First stage

. * regress EDUC YOB YOB##QOB

. * predict double educ_predicted

. 
. * Second stage

. * regress LWKLYWGE educ_predicted i.YOB

. * IT WORKS! Except standard errors are wrong

. * See http://www.stata.com/support/faqs/statistics/instrumental-variables-regression/ to fix
>  that

. 
. * Automatically

. * ivregress 2sls LWKLYWGE i.YOB (EDUC = i.YOB i.YOB##i.QOB)

. * Get the chi-squared

. * predict e, resid

. * xi: regress e i.YOB i.QOB##i.YOB, robust

. * display e(r2) * e(N)

. 
. 
. * Faster, better way

. ivregress 2sls LWKLYWGE i.YOB (EDUC = i.YOB i.YOB##i.QOB), first
note: 30b.YOB dropped because of collinearity
note: 31.YOB dropped because of collinearity
note: 32.YOB dropped because of collinearity
note: 33.YOB dropped because of collinearity
note: 34.YOB dropped because of collinearity
note: 35.YOB dropped because of collinearity
note: 36.YOB dropped because of collinearity
note: 37.YOB dropped because of collinearity
note: 38.YOB dropped because of collinearity
note: 39.YOB dropped because of collinearity

First-stage regressions
-----------------------

                                                  Number of obs   =     329509
                                                  F(  39, 329469) =      27.90
                                                  Prob > F        =     0.0000
                                                  R-squared       =     0.0033
                                                  Adj R-squared   =     0.0032
                                                  Root MSE        =     3.2760

------------------------------------------------------------------------------
        EDUC |      Coef.   Std. Err.      t    P>|t|     [95% Conf. Interval]
-------------+----------------------------------------------------------------
         YOB |
         30  |          0  (empty)
         31  |   .2600294    .051796     5.02   0.000     .1585109     .361548
         32  |   .2535262   .0507839     4.99   0.000     .1539912    .3530612
         33  |   .3927851   .0514899     7.63   0.000     .2918664    .4937037
         34  |   .3668579   .0515515     7.12   0.000     .2658185    .4678973
         35  |   .3705018   .0511939     7.24   0.000     .2701633    .4708403
         36  |    .462637   .0508776     9.09   0.000     .3629183    .5623556
         37  |   .5518901   .0508855    10.85   0.000      .452156    .6516242
         38  |   .6582721   .0501089    13.14   0.000     .5600601     .756484
         39  |   .7225835   .0501202    14.42   0.000     .6243494    .8208176
             |
         QOB |
          1  |          0  (empty)
          2  |   .1480133   .0505638     2.93   0.003     .0489097    .2471169
          3  |   .2114547   .0500891     4.22   0.000     .1132814    .3096279
          4  |   .3442705   .0510413     6.74   0.000      .244231    .4443099
             |
     YOB#QOB |
       30 1  |          0  (empty)
       30 2  |          0  (empty)
       30 3  |          0  (empty)
       30 4  |          0  (empty)
       31 1  |          0  (empty)
       31 2  |  -.1574024   .0732595    -2.15   0.032     -.300989   -.0138158
       31 3  |  -.0651723   .0725136    -0.90   0.369    -.2072969    .0769523
       31 4  |  -.2725854   .0739891    -3.68   0.000    -.4176018   -.1275689
       32 1  |          0  (empty)
       32 2  |  -.0723457   .0724011    -1.00   0.318    -.2142498    .0695584
       32 3  |  -.0849358   .0714202    -1.19   0.234    -.2249174    .0550458
       32 4  |  -.1510901   .0725592    -2.08   0.037    -.2933041   -.0088761
       33 1  |          0  (empty)
       33 2  |  -.1864966   .0731222    -2.55   0.011     -.329814   -.0431791
       33 3  |  -.1306929   .0726104    -1.80   0.072    -.2730072    .0116213
       33 4  |  -.3251931   .0733635    -4.43   0.000    -.4689835   -.1814028
       34 1  |          0  (empty)
       34 2  |  -.0673089   .0731414    -0.92   0.357    -.2106638    .0760461
       34 3  |  -.1506694   .0717953    -2.10   0.036    -.2913861   -.0099528
       34 4  |   -.193665   .0729001    -2.66   0.008     -.336547    -.050783
       35 1  |          0  (empty)
       35 2  |  -.0019943   .0723899    -0.03   0.978    -.1438765    .1398878
       35 3  |  -.0010103    .071218    -0.01   0.989    -.1405955     .138575
       35 4  |   -.175538    .072745    -2.41   0.016    -.3181162   -.0329599
       36 1  |          0  (empty)
       36 2  |  -.0799791   .0722332    -1.11   0.268    -.2215542    .0615959
       36 3  |  -.0682628   .0712042    -0.96   0.338     -.207821    .0712953
       36 4  |  -.1592974   .0725507    -2.20   0.028    -.3014947      -.0171
       37 1  |          0  (empty)
       37 2  |  -.1362605   .0719674    -1.89   0.058    -.2773146    .0047936
       37 3  |  -.0815776   .0705911    -1.16   0.248    -.2199342    .0567789
       37 4  |   -.205584   .0720954    -2.85   0.004    -.3468889    -.064279
       38 1  |          0  (empty)
       38 2  |  -.0790271   .0710949    -1.11   0.266    -.2183711    .0603169
       38 3  |  -.1635775   .0699047    -2.34   0.019    -.3005888   -.0265662
       38 4  |   -.252816    .071251    -3.55   0.000    -.3924659    -.113166
       39 1  |          0  (empty)
       39 2  |  -.1376032   .0709981    -1.94   0.053    -.2767575     .001551
       39 3  |  -.2251836   .0696484    -3.23   0.001    -.3616926   -.0886747
       39 4  |    -.23073   .0710847    -3.25   0.001    -.3700539   -.0914061
             |
       _cons |   12.28041   .0357551   343.46   0.000     12.21033    12.35048
------------------------------------------------------------------------------


Instrumental variables (2SLS) regression               Number of obs =  329509
                                                       Wald chi2(10) =   41.67
                                                       Prob > chi2   =  0.0000
                                                       R-squared     =  0.1102
                                                       Root MSE      =  .64034

------------------------------------------------------------------------------
    LWKLYWGE |      Coef.   Std. Err.      z    P>|z|     [95% Conf. Interval]
-------------+----------------------------------------------------------------
        EDUC |   .0891155   .0161098     5.53   0.000     .0575408    .1206901
             |
         YOB |
         31  |  -.0088813   .0055293    -1.61   0.108    -.0197184    .0019558
         32  |  -.0180303     .00575    -3.14   0.002    -.0293001   -.0067606
         33  |  -.0217955   .0063005    -3.46   0.001    -.0341442   -.0094469
         34  |  -.0257878   .0065838    -3.92   0.000    -.0386919   -.0128837
         35  |  -.0388275   .0072664    -5.34   0.000    -.0530693   -.0245856
         36  |  -.0387617   .0079773    -4.86   0.000    -.0543969   -.0231264
         37  |  -.0448175   .0087577    -5.12   0.000    -.0619822   -.0276528
         38  |  -.0465455    .009911    -4.70   0.000    -.0659707   -.0271202
         39  |  -.0585271   .0104573    -5.60   0.000    -.0790231   -.0380311
             |
       _cons |   4.792727   .2006807    23.88   0.000       4.3994    5.186054
------------------------------------------------------------------------------
Instrumented:  EDUC
Instruments:   31.YOB 32.YOB 33.YOB 34.YOB 35.YOB 36.YOB 37.YOB 38.YOB
               39.YOB 2.QOB 3.QOB 4.QOB 31.YOB#2.QOB 31.YOB#3.QOB
               31.YOB#4.QOB 32.YOB#2.QOB 32.YOB#3.QOB 32.YOB#4.QOB
               33.YOB#2.QOB 33.YOB#3.QOB 33.YOB#4.QOB 34.YOB#2.QOB
               34.YOB#3.QOB 34.YOB#4.QOB 35.YOB#2.QOB 35.YOB#3.QOB
               35.YOB#4.QOB 36.YOB#2.QOB 36.YOB#3.QOB 36.YOB#4.QOB
               37.YOB#2.QOB 37.YOB#3.QOB 37.YOB#4.QOB 38.YOB#2.QOB
               38.YOB#3.QOB 38.YOB#4.QOB 39.YOB#2.QOB 39.YOB#3.QOB
               39.YOB#4.QOB

. estat overid

  Tests of overidentifying restrictions:

  Sargan (score) chi2(29)=  25.4394  (p = 0.6553)
  Basmann chi2(29)       =  25.4383  (p = 0.6553)

. local chi_score = r(score)

. local chi_df = r(df)

. 
. estat firststage

  First-stage regression summary statistics
  --------------------------------------------------------------------------
               |            Adjusted      Partial
      Variable |   R-sq.       R-sq.        R-sq.   F(30,329469)  Prob > F
  -------------+------------------------------------------------------------
          EDUC |  0.0033      0.0032       0.0004       4.90707    0.0000
  --------------------------------------------------------------------------


  Minimum eigenvalue statistic = 4.90707     

  Critical Values                      # of endogenous regressors:    1
  Ho: Instruments are weak             # of excluded instruments:    30
  ---------------------------------------------------------------------
                                     |    5%     10%     20%     30%
  2SLS relative bias                 |  21.42   11.32    6.09    4.29
  -----------------------------------+---------------------------------
                                     |   10%     15%     20%     25%
  2SLS Size of nominal 5% Wald test  |  86.17   44.78   30.72   23.65
  LIML Size of nominal 5% Wald test  |   3.88    2.18    1.89    1.75
  ---------------------------------------------------------------------


. local real_f = r(mineig)

. 
. * Output everything

. outreg2 using Question2.xls, se dec(5) ctitle(2SLS) keep(EDUC) nocons addtext(Year fixed eff
> ects, Yes) addstat(Chi-squared, `chi_score', Chi-squared df, `chi_df', F-statistic for instr
> uments, `real_f') append
Question2.xls
dir : seeout

. 
. 
. *-------------

. * Question 4

. *-------------

. * LIML IV

. ivregress liml LWKLYWGE i.YOB (EDUC = i.YOB i.YOB##i.QOB), first
note: 30b.YOB dropped because of collinearity
note: 31.YOB dropped because of collinearity
note: 32.YOB dropped because of collinearity
note: 33.YOB dropped because of collinearity
note: 34.YOB dropped because of collinearity
note: 35.YOB dropped because of collinearity
note: 36.YOB dropped because of collinearity
note: 37.YOB dropped because of collinearity
note: 38.YOB dropped because of collinearity
note: 39.YOB dropped because of collinearity

First-stage regressions
-----------------------

                                                  Number of obs   =     329509
                                                  F(  39, 329469) =      27.90
                                                  Prob > F        =     0.0000
                                                  R-squared       =     0.0033
                                                  Adj R-squared   =     0.0032
                                                  Root MSE        =     3.2760

------------------------------------------------------------------------------
        EDUC |      Coef.   Std. Err.      t    P>|t|     [95% Conf. Interval]
-------------+----------------------------------------------------------------
         YOB |
         30  |          0  (empty)
         31  |   .2600294    .051796     5.02   0.000     .1585109     .361548
         32  |   .2535262   .0507839     4.99   0.000     .1539912    .3530612
         33  |   .3927851   .0514899     7.63   0.000     .2918664    .4937037
         34  |   .3668579   .0515515     7.12   0.000     .2658185    .4678973
         35  |   .3705018   .0511939     7.24   0.000     .2701633    .4708403
         36  |    .462637   .0508776     9.09   0.000     .3629183    .5623556
         37  |   .5518901   .0508855    10.85   0.000      .452156    .6516242
         38  |   .6582721   .0501089    13.14   0.000     .5600601     .756484
         39  |   .7225835   .0501202    14.42   0.000     .6243494    .8208176
             |
         QOB |
          1  |          0  (empty)
          2  |   .1480133   .0505638     2.93   0.003     .0489097    .2471169
          3  |   .2114547   .0500891     4.22   0.000     .1132814    .3096279
          4  |   .3442705   .0510413     6.74   0.000      .244231    .4443099
             |
     YOB#QOB |
       30 1  |          0  (empty)
       30 2  |          0  (empty)
       30 3  |          0  (empty)
       30 4  |          0  (empty)
       31 1  |          0  (empty)
       31 2  |  -.1574024   .0732595    -2.15   0.032     -.300989   -.0138158
       31 3  |  -.0651723   .0725136    -0.90   0.369    -.2072969    .0769523
       31 4  |  -.2725854   .0739891    -3.68   0.000    -.4176018   -.1275689
       32 1  |          0  (empty)
       32 2  |  -.0723457   .0724011    -1.00   0.318    -.2142498    .0695584
       32 3  |  -.0849358   .0714202    -1.19   0.234    -.2249174    .0550458
       32 4  |  -.1510901   .0725592    -2.08   0.037    -.2933041   -.0088761
       33 1  |          0  (empty)
       33 2  |  -.1864966   .0731222    -2.55   0.011     -.329814   -.0431791
       33 3  |  -.1306929   .0726104    -1.80   0.072    -.2730072    .0116213
       33 4  |  -.3251931   .0733635    -4.43   0.000    -.4689835   -.1814028
       34 1  |          0  (empty)
       34 2  |  -.0673089   .0731414    -0.92   0.357    -.2106638    .0760461
       34 3  |  -.1506694   .0717953    -2.10   0.036    -.2913861   -.0099528
       34 4  |   -.193665   .0729001    -2.66   0.008     -.336547    -.050783
       35 1  |          0  (empty)
       35 2  |  -.0019943   .0723899    -0.03   0.978    -.1438765    .1398878
       35 3  |  -.0010103    .071218    -0.01   0.989    -.1405955     .138575
       35 4  |   -.175538    .072745    -2.41   0.016    -.3181162   -.0329599
       36 1  |          0  (empty)
       36 2  |  -.0799791   .0722332    -1.11   0.268    -.2215542    .0615959
       36 3  |  -.0682628   .0712042    -0.96   0.338     -.207821    .0712953
       36 4  |  -.1592974   .0725507    -2.20   0.028    -.3014947      -.0171
       37 1  |          0  (empty)
       37 2  |  -.1362605   .0719674    -1.89   0.058    -.2773146    .0047936
       37 3  |  -.0815776   .0705911    -1.16   0.248    -.2199342    .0567789
       37 4  |   -.205584   .0720954    -2.85   0.004    -.3468889    -.064279
       38 1  |          0  (empty)
       38 2  |  -.0790271   .0710949    -1.11   0.266    -.2183711    .0603169
       38 3  |  -.1635775   .0699047    -2.34   0.019    -.3005888   -.0265662
       38 4  |   -.252816    .071251    -3.55   0.000    -.3924659    -.113166
       39 1  |          0  (empty)
       39 2  |  -.1376032   .0709981    -1.94   0.053    -.2767575     .001551
       39 3  |  -.2251836   .0696484    -3.23   0.001    -.3616926   -.0886747
       39 4  |    -.23073   .0710847    -3.25   0.001    -.3700539   -.0914061
             |
       _cons |   12.28041   .0357551   343.46   0.000     12.21033    12.35048
------------------------------------------------------------------------------


Instrumental variables (LIML) regression               Number of obs =  329509
                                                       Wald chi2(10) =   38.43
                                                       Prob > chi2   =  0.0000
                                                       R-squared     =  0.1067
                                                       Root MSE      =  .64159

------------------------------------------------------------------------------
    LWKLYWGE |      Coef.   Std. Err.      z    P>|z|     [95% Conf. Interval]
-------------+----------------------------------------------------------------
        EDUC |   .0928764   .0177441     5.23   0.000     .0580985    .1276543
             |
         YOB |
         31  |  -.0094014    .005633    -1.67   0.095    -.0204419    .0016392
         32  |   -.018696   .0059071    -3.17   0.002    -.0302736   -.0071184
         33  |   -.022674   .0065433    -3.47   0.001    -.0354986   -.0098494
         34  |  -.0267864   .0068808    -3.89   0.000    -.0402726   -.0133002
         35  |  -.0400647   .0076736    -5.22   0.000    -.0551048   -.0250246
         36  |  -.0402175   .0084868    -4.74   0.000    -.0568512   -.0235837
         37  |  -.0465078   .0093791    -4.96   0.000    -.0648905   -.0281251
         38  |   -.048559   .0106855    -4.54   0.000    -.0695022   -.0276158
         39  |  -.0606883   .0113013    -5.37   0.000    -.0828384   -.0385382
             |
       _cons |   4.745884   .2210337    21.47   0.000     4.312665    5.179102
------------------------------------------------------------------------------
Instrumented:  EDUC
Instruments:   31.YOB 32.YOB 33.YOB 34.YOB 35.YOB 36.YOB 37.YOB 38.YOB
               39.YOB 2.QOB 3.QOB 4.QOB 31.YOB#2.QOB 31.YOB#3.QOB
               31.YOB#4.QOB 32.YOB#2.QOB 32.YOB#3.QOB 32.YOB#4.QOB
               33.YOB#2.QOB 33.YOB#3.QOB 33.YOB#4.QOB 34.YOB#2.QOB
               34.YOB#3.QOB 34.YOB#4.QOB 35.YOB#2.QOB 35.YOB#3.QOB
               35.YOB#4.QOB 36.YOB#2.QOB 36.YOB#3.QOB 36.YOB#4.QOB
               37.YOB#2.QOB 37.YOB#3.QOB 37.YOB#4.QOB 38.YOB#2.QOB
               38.YOB#3.QOB 38.YOB#4.QOB 39.YOB#2.QOB 39.YOB#3.QOB
               39.YOB#4.QOB

. estat overid

  Tests of overidentifying restrictions:

  Anderson-Rubin chi2(29) = 25.3962  (p = 0.6575)
  Basmann F(29, 329469)  =  .875626  (p = 0.6577)

. local chi_score = r(ar)

. local chi_df = r(ar_df)

. 
. estat firststage

  First-stage regression summary statistics
  --------------------------------------------------------------------------
               |            Adjusted      Partial
      Variable |   R-sq.       R-sq.        R-sq.   F(30,329469)  Prob > F
  -------------+------------------------------------------------------------
          EDUC |  0.0033      0.0032       0.0004       4.90707    0.0000
  --------------------------------------------------------------------------


  Minimum eigenvalue statistic = 4.90707     

  Critical Values                      # of endogenous regressors:    1
  Ho: Instruments are weak             # of excluded instruments:    30
  ---------------------------------------------------------------------
                                     |    5%     10%     20%     30%
  2SLS relative bias                 |  21.42   11.32    6.09    4.29
  -----------------------------------+---------------------------------
                                     |   10%     15%     20%     25%
  2SLS Size of nominal 5% Wald test  |  86.17   44.78   30.72   23.65
  LIML Size of nominal 5% Wald test  |   3.88    2.18    1.89    1.75
  ---------------------------------------------------------------------


. local real_f = r(mineig)

. 
. * Output everything

. outreg2 using Question2.xls, se dec(5) ctitle(LIML) keep(EDUC) nocons addtext(Year fixed eff
> ects, Yes) addstat(Chi-squared, `chi_score', Chi-squared df, `chi_df', F-statistic for instr
> uments, `real_f') append
Question2.xls
dir : seeout

. 
. 
. *-------------

. * Question 5

. *-------------

. generate hs_grad = EDUC >= 12

. 
. * OLS

. reg LWKLYWGE hs_grad i.YOB

      Source |       SS       df       MS              Number of obs =  329509
-------------+------------------------------           F( 10,329498) = 2108.65
       Model |  9132.53114    10  913.253114           Prob > F      =  0.0000
    Residual |   142705.34329498  .433099259           R-squared     =  0.0601
-------------+------------------------------           Adj R-squared =  0.0601
       Total |  151837.871329508  .460801773           Root MSE      =   .6581

------------------------------------------------------------------------------
    LWKLYWGE |      Coef.   Std. Err.      t    P>|t|     [95% Conf. Interval]
-------------+----------------------------------------------------------------
     hs_grad |   .3969097    .002734   145.18   0.000     .3915511    .4022682
             |
         YOB |
         31  |  -.0044769   .0052013    -0.86   0.389    -.0146712    .0057175
         32  |  -.0099005    .005132    -1.93   0.054    -.0199591    .0001581
         33  |  -.0112518   .0051941    -2.17   0.030     -.021432   -.0010716
         34  |  -.0147626   .0051446    -2.87   0.004    -.0248458   -.0046794
         35  |  -.0279424   .0051108    -5.47   0.000    -.0379595   -.0179254
         36  |  -.0269387   .0051155    -5.27   0.000    -.0369648   -.0169125
         37  |  -.0311919   .0050668    -6.16   0.000    -.0411226   -.0212612
         38  |  -.0286773   .0050227    -5.71   0.000    -.0385216    -.018833
         39  |  -.0375716   .0050029    -7.51   0.000     -.047377   -.0277661
             |
       _cons |   5.613549   .0041055  1367.31   0.000     5.605502    5.621596
------------------------------------------------------------------------------

. outreg2 using Question5.xls, se dec(5) title(High School Graduation Instrument) ctitle(OLS) 
> keep(hs_grad) nocons addn("Constants suppressed") addtext(Year fixed effects, Yes) alpha(0.0
> 01, 0.01, 0.05) replace
Question5.xls
dir : seeout

. 
. 
. * 2SLS

. ivregress 2sls LWKLYWGE i.YOB (hs_grad = i.YOB i.YOB##i.QOB), first
note: 30b.YOB dropped because of collinearity
note: 31.YOB dropped because of collinearity
note: 32.YOB dropped because of collinearity
note: 33.YOB dropped because of collinearity
note: 34.YOB dropped because of collinearity
note: 35.YOB dropped because of collinearity
note: 36.YOB dropped because of collinearity
note: 37.YOB dropped because of collinearity
note: 38.YOB dropped because of collinearity
note: 39.YOB dropped because of collinearity

First-stage regressions
-----------------------

                                                  Number of obs   =     329509
                                                  F(  39, 329469) =      35.19
                                                  Prob > F        =     0.0000
                                                  R-squared       =     0.0041
                                                  Adj R-squared   =     0.0040
                                                  Root MSE        =     0.4193

------------------------------------------------------------------------------
     hs_grad |      Coef.   Std. Err.      t    P>|t|     [95% Conf. Interval]
-------------+----------------------------------------------------------------
         YOB |
         30  |          0  (empty)
         31  |   .0265969   .0066286     4.01   0.000      .013605    .0395889
         32  |   .0236801   .0064991     3.64   0.000      .010942    .0364182
         33  |   .0352025   .0065895     5.34   0.000     .0222873    .0481177
         34  |   .0331527   .0065974     5.03   0.000     .0202221    .0460833
         35  |   .0410827   .0065516     6.27   0.000     .0282418    .0539236
         36  |   .0566866   .0065111     8.71   0.000      .043925    .0694482
         37  |   .0712052   .0065121    10.93   0.000     .0584417    .0839688
         38  |   .0809426   .0064127    12.62   0.000     .0683738    .0935114
         39  |   .0823652   .0064142    12.84   0.000     .0697936    .0949368
             |
         QOB |
          1  |          0  (empty)
          2  |   .0008675    .006471     0.13   0.893    -.0118153    .0135504
          3  |   .0154577   .0064102     2.41   0.016     .0028939    .0280215
          4  |   .0335195   .0065321     5.13   0.000     .0207168    .0463221
             |
     YOB#QOB |
       30 1  |          0  (empty)
       30 2  |          0  (empty)
       30 3  |          0  (empty)
       30 4  |          0  (empty)
       31 1  |          0  (empty)
       31 2  |  -.0027091   .0093755    -0.29   0.773    -.0210847    .0156666
       31 3  |    .001078     .00928     0.12   0.908    -.0171106    .0192665
       31 4  |  -.0260181   .0094688    -2.75   0.006    -.0445767   -.0074595
       32 1  |          0  (empty)
       32 2  |   .0006355   .0092656     0.07   0.945    -.0175248    .0187958
       32 3  |  -.0016988   .0091401    -0.19   0.853     -.019613    .0162155
       32 4  |  -.0173568   .0092858    -1.87   0.062    -.0355568    .0008431
       33 1  |          0  (empty)
       33 2  |  -.0022106   .0093579    -0.24   0.813    -.0205518    .0161306
       33 3  |  -.0066297   .0092924    -0.71   0.476    -.0248425    .0115831
       33 4  |  -.0291383   .0093888    -3.10   0.002      -.04754   -.0107366
       34 1  |          0  (empty)
       34 2  |   .0074469   .0093603     0.80   0.426    -.0108991    .0257929
       34 3  |  -.0027731   .0091881    -0.30   0.763    -.0207815    .0152352
       34 4  |  -.0112177   .0093295    -1.20   0.229    -.0295032    .0070677
       35 1  |          0  (empty)
       35 2  |   .0119667   .0092642     1.29   0.196    -.0061908    .0301242
       35 3  |   .0134883   .0091142     1.48   0.139    -.0043753    .0313518
       35 4  |  -.0057978   .0093096    -0.62   0.533    -.0240444    .0124487
       36 1  |          0  (empty)
       36 2  |   .0018874   .0092441     0.20   0.838    -.0162308    .0200056
       36 3  |   -.001713   .0091124    -0.19   0.851    -.0195731    .0161471
       36 4  |   .0011911   .0092848     0.13   0.898    -.0170068    .0193889
       37 1  |          0  (empty)
       37 2  |  -.0085751   .0092101    -0.93   0.352    -.0266266    .0094764
       37 3  |   .0024209    .009034     0.27   0.789    -.0152854    .0201272
       37 4  |    -.01456   .0092265    -1.58   0.115    -.0326437    .0035236
       38 1  |          0  (empty)
       38 2  |   .0017428   .0090984     0.19   0.848    -.0160899    .0195755
       38 3  |  -.0050496   .0089461    -0.56   0.572    -.0225838    .0124845
       38 4  |  -.0207435   .0091184    -2.27   0.023    -.0386153   -.0028716
       39 1  |          0  (empty)
       39 2  |  -.0014005   .0090861    -0.15   0.877    -.0192089    .0164078
       39 3  |  -.0086345   .0089133    -0.97   0.333    -.0261044    .0088353
       39 4  |  -.0155301   .0090971    -1.71   0.088    -.0333603       .0023
             |
       _cons |   .7161406   .0045758   156.51   0.000     .7071721     .725109
------------------------------------------------------------------------------


Instrumental variables (2SLS) regression               Number of obs =  329509
                                                       Wald chi2(10) =   40.36
                                                       Prob > chi2   =  0.0000
                                                       R-squared     =  0.0314
                                                       Root MSE      =  .66808

------------------------------------------------------------------------------
    LWKLYWGE |      Coef.   Std. Err.      z    P>|z|     [95% Conf. Interval]
-------------+----------------------------------------------------------------
     hs_grad |   .6713275   .1221787     5.49   0.000     .4318617    .9107933
             |
         YOB |
         31  |  -.0099517   .0058154    -1.71   0.087    -.0213496    .0014462
         32  |  -.0151847   .0057161    -2.66   0.008    -.0263881   -.0039813
         33  |  -.0183532   .0061477    -2.99   0.003    -.0304024    -.006304
         34  |  -.0234996   .0065114    -3.61   0.000    -.0362618   -.0107374
         35  |  -.0406855   .0076871    -5.29   0.000    -.0557519   -.0256191
         36  |  -.0426141   .0086977    -4.90   0.000    -.0596613   -.0255669
         37  |  -.0494627   .0096226    -5.14   0.000    -.0683227   -.0306027
         38  |  -.0493091    .010504    -4.69   0.000    -.0698965   -.0287216
         39  |  -.0584892   .0106058    -5.51   0.000    -.0792761   -.0377022
             |
       _cons |   5.413652   .0890743    60.78   0.000      5.23907    5.588235
------------------------------------------------------------------------------
Instrumented:  hs_grad
Instruments:   31.YOB 32.YOB 33.YOB 34.YOB 35.YOB 36.YOB 37.YOB 38.YOB
               39.YOB 2.QOB 3.QOB 4.QOB 31.YOB#2.QOB 31.YOB#3.QOB
               31.YOB#4.QOB 32.YOB#2.QOB 32.YOB#3.QOB 32.YOB#4.QOB
               33.YOB#2.QOB 33.YOB#3.QOB 33.YOB#4.QOB 34.YOB#2.QOB
               34.YOB#3.QOB 34.YOB#4.QOB 35.YOB#2.QOB 35.YOB#3.QOB
               35.YOB#4.QOB 36.YOB#2.QOB 36.YOB#3.QOB 36.YOB#4.QOB
               37.YOB#2.QOB 37.YOB#3.QOB 37.YOB#4.QOB 38.YOB#2.QOB
               38.YOB#3.QOB 38.YOB#4.QOB 39.YOB#2.QOB 39.YOB#3.QOB
               39.YOB#4.QOB

. estat overid

  Tests of overidentifying restrictions:

  Sargan (score) chi2(29)=  21.2919  (p = 0.8483)
  Basmann chi2(29)       =  21.2907  (p = 0.8483)

. local chi_score = r(score)

. local chi_df = r(df)

. 
. estat firststage

  First-stage regression summary statistics
  --------------------------------------------------------------------------
               |            Adjusted      Partial
      Variable |   R-sq.       R-sq.        R-sq.   F(30,329469)  Prob > F
  -------------+------------------------------------------------------------
       hs_grad |  0.0041      0.0040       0.0005       5.67006    0.0000
  --------------------------------------------------------------------------


  Minimum eigenvalue statistic = 5.67006     

  Critical Values                      # of endogenous regressors:    1
  Ho: Instruments are weak             # of excluded instruments:    30
  ---------------------------------------------------------------------
                                     |    5%     10%     20%     30%
  2SLS relative bias                 |  21.42   11.32    6.09    4.29
  -----------------------------------+---------------------------------
                                     |   10%     15%     20%     25%
  2SLS Size of nominal 5% Wald test  |  86.17   44.78   30.72   23.65
  LIML Size of nominal 5% Wald test  |   3.88    2.18    1.89    1.75
  ---------------------------------------------------------------------


. local real_f = r(mineig)

. 
. * Output everything

. outreg2 using Question5.xls, se dec(5) ctitle(2SLS) keep(hs_grad) nocons addtext(Year fixed 
> effects, Yes) addstat(Chi-squared, `chi_score', Chi-squared df, `chi_df', F-statistic for in
> struments, `real_f') append
Question5.xls
dir : seeout

. 
. 
. * LIML IV

. ivregress liml LWKLYWGE i.YOB (hs_grad = i.YOB i.YOB##i.QOB), first
note: 30b.YOB dropped because of collinearity
note: 31.YOB dropped because of collinearity
note: 32.YOB dropped because of collinearity
note: 33.YOB dropped because of collinearity
note: 34.YOB dropped because of collinearity
note: 35.YOB dropped because of collinearity
note: 36.YOB dropped because of collinearity
note: 37.YOB dropped because of collinearity
note: 38.YOB dropped because of collinearity
note: 39.YOB dropped because of collinearity

First-stage regressions
-----------------------

                                                  Number of obs   =     329509
                                                  F(  39, 329469) =      35.19
                                                  Prob > F        =     0.0000
                                                  R-squared       =     0.0041
                                                  Adj R-squared   =     0.0040
                                                  Root MSE        =     0.4193

------------------------------------------------------------------------------
     hs_grad |      Coef.   Std. Err.      t    P>|t|     [95% Conf. Interval]
-------------+----------------------------------------------------------------
         YOB |
         30  |          0  (empty)
         31  |   .0265969   .0066286     4.01   0.000      .013605    .0395889
         32  |   .0236801   .0064991     3.64   0.000      .010942    .0364182
         33  |   .0352025   .0065895     5.34   0.000     .0222873    .0481177
         34  |   .0331527   .0065974     5.03   0.000     .0202221    .0460833
         35  |   .0410827   .0065516     6.27   0.000     .0282418    .0539236
         36  |   .0566866   .0065111     8.71   0.000      .043925    .0694482
         37  |   .0712052   .0065121    10.93   0.000     .0584417    .0839688
         38  |   .0809426   .0064127    12.62   0.000     .0683738    .0935114
         39  |   .0823652   .0064142    12.84   0.000     .0697936    .0949368
             |
         QOB |
          1  |          0  (empty)
          2  |   .0008675    .006471     0.13   0.893    -.0118153    .0135504
          3  |   .0154577   .0064102     2.41   0.016     .0028939    .0280215
          4  |   .0335195   .0065321     5.13   0.000     .0207168    .0463221
             |
     YOB#QOB |
       30 1  |          0  (empty)
       30 2  |          0  (empty)
       30 3  |          0  (empty)
       30 4  |          0  (empty)
       31 1  |          0  (empty)
       31 2  |  -.0027091   .0093755    -0.29   0.773    -.0210847    .0156666
       31 3  |    .001078     .00928     0.12   0.908    -.0171106    .0192665
       31 4  |  -.0260181   .0094688    -2.75   0.006    -.0445767   -.0074595
       32 1  |          0  (empty)
       32 2  |   .0006355   .0092656     0.07   0.945    -.0175248    .0187958
       32 3  |  -.0016988   .0091401    -0.19   0.853     -.019613    .0162155
       32 4  |  -.0173568   .0092858    -1.87   0.062    -.0355568    .0008431
       33 1  |          0  (empty)
       33 2  |  -.0022106   .0093579    -0.24   0.813    -.0205518    .0161306
       33 3  |  -.0066297   .0092924    -0.71   0.476    -.0248425    .0115831
       33 4  |  -.0291383   .0093888    -3.10   0.002      -.04754   -.0107366
       34 1  |          0  (empty)
       34 2  |   .0074469   .0093603     0.80   0.426    -.0108991    .0257929
       34 3  |  -.0027731   .0091881    -0.30   0.763    -.0207815    .0152352
       34 4  |  -.0112177   .0093295    -1.20   0.229    -.0295032    .0070677
       35 1  |          0  (empty)
       35 2  |   .0119667   .0092642     1.29   0.196    -.0061908    .0301242
       35 3  |   .0134883   .0091142     1.48   0.139    -.0043753    .0313518
       35 4  |  -.0057978   .0093096    -0.62   0.533    -.0240444    .0124487
       36 1  |          0  (empty)
       36 2  |   .0018874   .0092441     0.20   0.838    -.0162308    .0200056
       36 3  |   -.001713   .0091124    -0.19   0.851    -.0195731    .0161471
       36 4  |   .0011911   .0092848     0.13   0.898    -.0170068    .0193889
       37 1  |          0  (empty)
       37 2  |  -.0085751   .0092101    -0.93   0.352    -.0266266    .0094764
       37 3  |   .0024209    .009034     0.27   0.789    -.0152854    .0201272
       37 4  |    -.01456   .0092265    -1.58   0.115    -.0326437    .0035236
       38 1  |          0  (empty)
       38 2  |   .0017428   .0090984     0.19   0.848    -.0160899    .0195755
       38 3  |  -.0050496   .0089461    -0.56   0.572    -.0225838    .0124845
       38 4  |  -.0207435   .0091184    -2.27   0.023    -.0386153   -.0028716
       39 1  |          0  (empty)
       39 2  |  -.0014005   .0090861    -0.15   0.877    -.0192089    .0164078
       39 3  |  -.0086345   .0089133    -0.97   0.333    -.0261044    .0088353
       39 4  |  -.0155301   .0090971    -1.71   0.088    -.0333603       .0023
             |
       _cons |   .7161406   .0045758   156.51   0.000     .7071721     .725109
------------------------------------------------------------------------------


Instrumental variables (LIML) regression               Number of obs =  329509
                                                       Wald chi2(10) =   39.41
                                                       Prob > chi2   =  0.0000
                                                       R-squared     =  0.0226
                                                       Root MSE      =  .67109

------------------------------------------------------------------------------
    LWKLYWGE |      Coef.   Std. Err.      z    P>|z|     [95% Conf. Interval]
-------------+----------------------------------------------------------------
     hs_grad |   .7104204   .1311774     5.42   0.000     .4533174    .9675233
             |
         YOB |
         31  |  -.0107317   .0059142    -1.81   0.070    -.0223234    .0008601
         32  |  -.0159375   .0058108    -2.74   0.006    -.0273264   -.0045485
         33  |  -.0193648   .0062906    -3.08   0.002    -.0316943   -.0070354
         34  |  -.0247442    .006705    -3.69   0.000    -.0378857   -.0116027
         35  |  -.0425009   .0080157    -5.30   0.000    -.0582113   -.0267904
         36  |  -.0448472   .0091287    -4.91   0.000    -.0627391   -.0269552
         37  |  -.0520655    .010146    -5.13   0.000    -.0719513   -.0321798
         38  |  -.0522482   .0111111    -4.70   0.000    -.0740256   -.0304709
         39  |   -.061469   .0112233    -5.48   0.000    -.0834663   -.0394718
             |
       _cons |   5.385176   .0956248    56.32   0.000     5.197755    5.572597
------------------------------------------------------------------------------
Instrumented:  hs_grad
Instruments:   31.YOB 32.YOB 33.YOB 34.YOB 35.YOB 36.YOB 37.YOB 38.YOB
               39.YOB 2.QOB 3.QOB 4.QOB 31.YOB#2.QOB 31.YOB#3.QOB
               31.YOB#4.QOB 32.YOB#2.QOB 32.YOB#3.QOB 32.YOB#4.QOB
               33.YOB#2.QOB 33.YOB#3.QOB 33.YOB#4.QOB 34.YOB#2.QOB
               34.YOB#3.QOB 34.YOB#4.QOB 35.YOB#2.QOB 35.YOB#3.QOB
               35.YOB#4.QOB 36.YOB#2.QOB 36.YOB#3.QOB 36.YOB#4.QOB
               37.YOB#2.QOB 37.YOB#3.QOB 37.YOB#4.QOB 38.YOB#2.QOB
               38.YOB#3.QOB 38.YOB#4.QOB 39.YOB#2.QOB 39.YOB#3.QOB
               39.YOB#4.QOB

. estat overid

  Tests of overidentifying restrictions:

  Anderson-Rubin chi2(29) = 21.2037  (p = 0.8516)
  Basmann F(29, 329469)  =  .731072  (p = 0.8517)

. local chi_score = r(ar)

. local chi_df = r(ar_df)

. 
. estat firststage

  First-stage regression summary statistics
  --------------------------------------------------------------------------
               |            Adjusted      Partial
      Variable |   R-sq.       R-sq.        R-sq.   F(30,329469)  Prob > F
  -------------+------------------------------------------------------------
       hs_grad |  0.0041      0.0040       0.0005       5.67006    0.0000
  --------------------------------------------------------------------------


  Minimum eigenvalue statistic = 5.67006     

  Critical Values                      # of endogenous regressors:    1
  Ho: Instruments are weak             # of excluded instruments:    30
  ---------------------------------------------------------------------
                                     |    5%     10%     20%     30%
  2SLS relative bias                 |  21.42   11.32    6.09    4.29
  -----------------------------------+---------------------------------
                                     |   10%     15%     20%     25%
  2SLS Size of nominal 5% Wald test  |  86.17   44.78   30.72   23.65
  LIML Size of nominal 5% Wald test  |   3.88    2.18    1.89    1.75
  ---------------------------------------------------------------------


. local real_f = r(mineig)

. 
. * Output everything

. outreg2 using Question5.xls, se dec(5) ctitle(LIML) keep(hs_grad) nocons addtext(Year fixed 
> effects, Yes) addstat(Chi-squared, `chi_score', Chi-squared df, `chi_df', F-statistic for in
> struments, `real_f') append
Question5.xls
dir : seeout

. 
. 
. *-------------

. * Question 6

. *-------------

. generate college_grad = EDUC >= 16

. 
. * OLS

. reg LWKLYWGE college_grad i.YOB

      Source |       SS       df       MS              Number of obs =  329509
-------------+------------------------------           F( 10,329498) = 2870.62
       Model |  12168.1555    10  1216.81555           Prob > F      =  0.0000
    Residual |  139669.715329498  .423886383           R-squared     =  0.0801
-------------+------------------------------           Adj R-squared =  0.0801
       Total |  151837.871329508  .460801773           Root MSE      =  .65107

------------------------------------------------------------------------------
    LWKLYWGE |      Coef.   Std. Err.      t    P>|t|     [95% Conf. Interval]
-------------+----------------------------------------------------------------
college_grad |   .4535681   .0026775   169.40   0.000     .4483202     .458816
             |
         YOB |
         31  |  -.0004729   .0051454    -0.09   0.927    -.0105578     .009612
         32  |  -.0083113    .005077    -1.64   0.102    -.0182621    .0016395
         33  |  -.0092257   .0051383    -1.80   0.073    -.0192966    .0008451
         34  |  -.0091716    .005089    -1.80   0.072    -.0191459    .0008027
         35  |  -.0157158   .0050547    -3.11   0.002    -.0256229   -.0058087
         36  |  -.0102856   .0050585    -2.03   0.042    -.0202002   -.0003711
         37  |  -.0112053   .0050095    -2.24   0.025    -.0210237   -.0013868
         38  |  -.0086548   .0049651    -1.74   0.081    -.0183863    .0010767
         39  |  -.0188256   .0049455    -3.81   0.000    -.0285187   -.0091325
             |
       _cons |   5.802921   .0036002  1611.82   0.000     5.795865    5.809978
------------------------------------------------------------------------------

. outreg2 using Question6.xls, se dec(5) title(College Graduation Instrument) ctitle(OLS) keep
> (college_grad) nocons addn("Constants suppressed") addtext(Year fixed effects, Yes) alpha(0.
> 001, 0.01, 0.05) replace
Question6.xls
dir : seeout

. 
. 
. * 2SLS

. ivregress 2sls LWKLYWGE i.YOB (college_grad = i.YOB i.YOB##i.QOB), first
note: 30b.YOB dropped because of collinearity
note: 31.YOB dropped because of collinearity
note: 32.YOB dropped because of collinearity
note: 33.YOB dropped because of collinearity
note: 34.YOB dropped because of collinearity
note: 35.YOB dropped because of collinearity
note: 36.YOB dropped because of collinearity
note: 37.YOB dropped because of collinearity
note: 38.YOB dropped because of collinearity
note: 39.YOB dropped because of collinearity

First-stage regressions
-----------------------

                                                  Number of obs   =     329509
                                                  F(  39, 329469) =       3.82
                                                  Prob > F        =     0.0000
                                                  R-squared       =     0.0005
                                                  Adj R-squared   =     0.0003
                                                  Root MSE        =     0.4236

------------------------------------------------------------------------------
college_grad |      Coef.   Std. Err.      t    P>|t|     [95% Conf. Interval]
-------------+----------------------------------------------------------------
         YOB |
         30  |          0  (empty)
         31  |   .0258788   .0066971     3.86   0.000     .0127528    .0390049
         32  |   .0238514   .0065662     3.63   0.000     .0109818     .036721
         33  |   .0376431   .0066575     5.65   0.000     .0245946    .0506916
         34  |   .0256424   .0066655     3.85   0.000     .0125783    .0387065
         35  |   .0255934   .0066192     3.87   0.000     .0126199    .0385669
         36  |   .0214739   .0065783     3.26   0.001     .0085806    .0343673
         37  |   .0262516   .0065794     3.99   0.000     .0133563     .039147
         38  |   .0363936   .0064789     5.62   0.000      .023695    .0490921
         39  |   .0466124   .0064804     7.19   0.000      .033911    .0593138
             |
         QOB |
          1  |          0  (empty)
          2  |   .0218912   .0065378     3.35   0.001     .0090774     .034705
          3  |    .024661   .0064764     3.81   0.000     .0119675    .0373546
          4  |   .0270335   .0065995     4.10   0.000     .0140987    .0399683
             |
     YOB#QOB |
       30 1  |          0  (empty)
       30 2  |          0  (empty)
       30 3  |          0  (empty)
       30 4  |          0  (empty)
       31 1  |          0  (empty)
       31 2  |  -.0202119   .0094723    -2.13   0.033    -.0387773   -.0016466
       31 3  |  -.0152463   .0093758    -1.63   0.104    -.0336226      .00313
       31 4  |  -.0343162   .0095666    -3.59   0.000    -.0530664    -.015566
       32 1  |          0  (empty)
       32 2  |  -.0097734   .0093613    -1.04   0.296    -.0281212    .0085745
       32 3  |  -.0171167   .0092344    -1.85   0.064    -.0352159    .0009826
       32 4  |  -.0147482   .0093817    -1.57   0.116    -.0331361    .0036397
       33 1  |          0  (empty)
       33 2  |  -.0277231   .0094545    -2.93   0.003    -.0462536   -.0091925
       33 3  |   -.019748   .0093883    -2.10   0.035    -.0381488   -.0013471
       33 4  |  -.0305846   .0094857    -3.22   0.001    -.0491763   -.0119929
       34 1  |          0  (empty)
       34 2  |   -.009588    .009457    -1.01   0.311    -.0281234    .0089474
       34 3  |  -.0185501   .0092829    -2.00   0.046    -.0367444   -.0003559
       34 4  |  -.0123109   .0094258    -1.31   0.192    -.0307852    .0061633
       35 1  |          0  (empty)
       35 2  |  -.0127172   .0093598    -1.36   0.174    -.0310622    .0056277
       35 3  |  -.0120396   .0092083    -1.31   0.191    -.0300876    .0060084
       35 4  |  -.0235893   .0094057    -2.51   0.012    -.0420242   -.0051543
       36 1  |          0  (empty)
       36 2  |  -.0103007   .0093396    -1.10   0.270     -.028606    .0080046
       36 3  |  -.0073292   .0092065    -0.80   0.426    -.0253736    .0107153
       36 4  |  -.0155082   .0093806    -1.65   0.098    -.0338939    .0028775
       37 1  |          0  (empty)
       37 2  |    -.01173   .0093052    -1.26   0.207    -.0299679    .0065079
       37 3  |  -.0215919   .0091272    -2.37   0.018     -.039481   -.0037028
       37 4  |  -.0146856   .0093217    -1.58   0.115    -.0329559    .0035848
       38 1  |          0  (empty)
       38 2  |  -.0139008   .0091924    -1.51   0.130    -.0319175     .004116
       38 3  |  -.0218604   .0090385    -2.42   0.016    -.0395756   -.0041453
       38 4  |  -.0231146   .0092126    -2.51   0.012     -.041171   -.0050583
       39 1  |          0  (empty)
       39 2  |  -.0228192   .0091799    -2.49   0.013    -.0408115    -.004827
       39 3  |  -.0376676   .0090053    -4.18   0.000    -.0553178   -.0200173
       39 4  |  -.0234691    .009191    -2.55   0.011    -.0414833   -.0054549
             |
       _cons |   .2015485    .004623    43.60   0.000     .1924875    .2106096
------------------------------------------------------------------------------


Instrumental variables (2SLS) regression               Number of obs =  329509
                                                       Wald chi2(10) =   23.87
                                                       Prob > chi2   =  0.0080
                                                       R-squared     =  0.0572
                                                       Root MSE      =  .65912

------------------------------------------------------------------------------
    LWKLYWGE |      Coef.   Std. Err.      z    P>|z|     [95% Conf. Interval]
-------------+----------------------------------------------------------------
college_grad |    .696231   .1900878     3.66   0.000     .3236658    1.068796
             |
         YOB |
         31  |  -.0025673   .0054613    -0.47   0.638    -.0132713    .0081367
         32  |  -.0115501   .0057318    -2.02   0.044    -.0227842   -.0003161
         33  |   -.013637   .0062448    -2.18   0.029    -.0258766   -.0013975
         34  |  -.0129413   .0059381    -2.18   0.029    -.0245797   -.0013029
         35  |  -.0190353   .0057399    -3.32   0.001    -.0302853   -.0077853
         36  |  -.0135061   .0057086    -2.37   0.018    -.0246948   -.0023174
         37  |  -.0146506   .0057447    -2.55   0.011      -.02591   -.0033911
         38  |  -.0139079   .0064958    -2.14   0.032    -.0266395   -.0011763
         39  |  -.0249828   .0069517    -3.59   0.000    -.0386079   -.0113578
             |
       _cons |   5.749553   .0419599   137.03   0.000     5.667313    5.831793
------------------------------------------------------------------------------
Instrumented:  college_grad
Instruments:   31.YOB 32.YOB 33.YOB 34.YOB 35.YOB 36.YOB 37.YOB 38.YOB
               39.YOB 2.QOB 3.QOB 4.QOB 31.YOB#2.QOB 31.YOB#3.QOB
               31.YOB#4.QOB 32.YOB#2.QOB 32.YOB#3.QOB 32.YOB#4.QOB
               33.YOB#2.QOB 33.YOB#3.QOB 33.YOB#4.QOB 34.YOB#2.QOB
               34.YOB#3.QOB 34.YOB#4.QOB 35.YOB#2.QOB 35.YOB#3.QOB
               35.YOB#4.QOB 36.YOB#2.QOB 36.YOB#3.QOB 36.YOB#4.QOB
               37.YOB#2.QOB 37.YOB#3.QOB 37.YOB#4.QOB 38.YOB#2.QOB
               38.YOB#3.QOB 38.YOB#4.QOB 39.YOB#2.QOB 39.YOB#3.QOB
               39.YOB#4.QOB

. estat overid

  Tests of overidentifying restrictions:

  Sargan (score) chi2(29)=  39.4765  (p = 0.0929)
  Basmann chi2(29)       =  39.4765  (p = 0.0929)

. local chi_score = r(score)

. local chi_df = r(df)

. 
. estat firststage

  First-stage regression summary statistics
  --------------------------------------------------------------------------
               |            Adjusted      Partial
      Variable |   R-sq.       R-sq.        R-sq.   F(30,329469)  Prob > F
  -------------+------------------------------------------------------------
  college_grad |  0.0005      0.0003       0.0002       2.23369    0.0001
  --------------------------------------------------------------------------


  Minimum eigenvalue statistic = 2.23369     

  Critical Values                      # of endogenous regressors:    1
  Ho: Instruments are weak             # of excluded instruments:    30
  ---------------------------------------------------------------------
                                     |    5%     10%     20%     30%
  2SLS relative bias                 |  21.42   11.32    6.09    4.29
  -----------------------------------+---------------------------------
                                     |   10%     15%     20%     25%
  2SLS Size of nominal 5% Wald test  |  86.17   44.78   30.72   23.65
  LIML Size of nominal 5% Wald test  |   3.88    2.18    1.89    1.75
  ---------------------------------------------------------------------


. local real_f = r(mineig)

. 
. * Output everything

. outreg2 using Question6.xls, se dec(5) ctitle(2SLS) keep(college_grad) nocons addtext(Year f
> ixed effects, Yes) addstat(Chi-squared, `chi_score', Chi-squared df, `chi_df', F-statistic f
> or instruments, `real_f') append
Question6.xls
dir : seeout

. 
. 
. * LIML IV

. ivregress liml LWKLYWGE i.YOB (college_grad = i.YOB i.YOB##i.QOB), first
note: 30b.YOB dropped because of collinearity
note: 31.YOB dropped because of collinearity
note: 32.YOB dropped because of collinearity
note: 33.YOB dropped because of collinearity
note: 34.YOB dropped because of collinearity
note: 35.YOB dropped because of collinearity
note: 36.YOB dropped because of collinearity
note: 37.YOB dropped because of collinearity
note: 38.YOB dropped because of collinearity
note: 39.YOB dropped because of collinearity

First-stage regressions
-----------------------

                                                  Number of obs   =     329509
                                                  F(  39, 329469) =       3.82
                                                  Prob > F        =     0.0000
                                                  R-squared       =     0.0005
                                                  Adj R-squared   =     0.0003
                                                  Root MSE        =     0.4236

------------------------------------------------------------------------------
college_grad |      Coef.   Std. Err.      t    P>|t|     [95% Conf. Interval]
-------------+----------------------------------------------------------------
         YOB |
         30  |          0  (empty)
         31  |   .0258788   .0066971     3.86   0.000     .0127528    .0390049
         32  |   .0238514   .0065662     3.63   0.000     .0109818     .036721
         33  |   .0376431   .0066575     5.65   0.000     .0245946    .0506916
         34  |   .0256424   .0066655     3.85   0.000     .0125783    .0387065
         35  |   .0255934   .0066192     3.87   0.000     .0126199    .0385669
         36  |   .0214739   .0065783     3.26   0.001     .0085806    .0343673
         37  |   .0262516   .0065794     3.99   0.000     .0133563     .039147
         38  |   .0363936   .0064789     5.62   0.000      .023695    .0490921
         39  |   .0466124   .0064804     7.19   0.000      .033911    .0593138
             |
         QOB |
          1  |          0  (empty)
          2  |   .0218912   .0065378     3.35   0.001     .0090774     .034705
          3  |    .024661   .0064764     3.81   0.000     .0119675    .0373546
          4  |   .0270335   .0065995     4.10   0.000     .0140987    .0399683
             |
     YOB#QOB |
       30 1  |          0  (empty)
       30 2  |          0  (empty)
       30 3  |          0  (empty)
       30 4  |          0  (empty)
       31 1  |          0  (empty)
       31 2  |  -.0202119   .0094723    -2.13   0.033    -.0387773   -.0016466
       31 3  |  -.0152463   .0093758    -1.63   0.104    -.0336226      .00313
       31 4  |  -.0343162   .0095666    -3.59   0.000    -.0530664    -.015566
       32 1  |          0  (empty)
       32 2  |  -.0097734   .0093613    -1.04   0.296    -.0281212    .0085745
       32 3  |  -.0171167   .0092344    -1.85   0.064    -.0352159    .0009826
       32 4  |  -.0147482   .0093817    -1.57   0.116    -.0331361    .0036397
       33 1  |          0  (empty)
       33 2  |  -.0277231   .0094545    -2.93   0.003    -.0462536   -.0091925
       33 3  |   -.019748   .0093883    -2.10   0.035    -.0381488   -.0013471
       33 4  |  -.0305846   .0094857    -3.22   0.001    -.0491763   -.0119929
       34 1  |          0  (empty)
       34 2  |   -.009588    .009457    -1.01   0.311    -.0281234    .0089474
       34 3  |  -.0185501   .0092829    -2.00   0.046    -.0367444   -.0003559
       34 4  |  -.0123109   .0094258    -1.31   0.192    -.0307852    .0061633
       35 1  |          0  (empty)
       35 2  |  -.0127172   .0093598    -1.36   0.174    -.0310622    .0056277
       35 3  |  -.0120396   .0092083    -1.31   0.191    -.0300876    .0060084
       35 4  |  -.0235893   .0094057    -2.51   0.012    -.0420242   -.0051543
       36 1  |          0  (empty)
       36 2  |  -.0103007   .0093396    -1.10   0.270     -.028606    .0080046
       36 3  |  -.0073292   .0092065    -0.80   0.426    -.0253736    .0107153
       36 4  |  -.0155082   .0093806    -1.65   0.098    -.0338939    .0028775
       37 1  |          0  (empty)
       37 2  |    -.01173   .0093052    -1.26   0.207    -.0299679    .0065079
       37 3  |  -.0215919   .0091272    -2.37   0.018     -.039481   -.0037028
       37 4  |  -.0146856   .0093217    -1.58   0.115    -.0329559    .0035848
       38 1  |          0  (empty)
       38 2  |  -.0139008   .0091924    -1.51   0.130    -.0319175     .004116
       38 3  |  -.0218604   .0090385    -2.42   0.016    -.0395756   -.0041453
       38 4  |  -.0231146   .0092126    -2.51   0.012     -.041171   -.0050583
       39 1  |          0  (empty)
       39 2  |  -.0228192   .0091799    -2.49   0.013    -.0408115    -.004827
       39 3  |  -.0376676   .0090053    -4.18   0.000    -.0553178   -.0200173
       39 4  |  -.0234691    .009191    -2.55   0.011    -.0414833   -.0054549
             |
       _cons |   .2015485    .004623    43.60   0.000     .1924875    .2106096
------------------------------------------------------------------------------


Instrumental variables (LIML) regression               Number of obs =  329509
                                                       Wald chi2(10) =   20.57
                                                       Prob > chi2   =  0.0243
                                                       R-squared     =       .
                                                       Root MSE      =  .69369

------------------------------------------------------------------------------
    LWKLYWGE |      Coef.   Std. Err.      z    P>|z|     [95% Conf. Interval]
-------------+----------------------------------------------------------------
college_grad |   1.018824   .3053168     3.34   0.001     .4204141    1.617234
             |
         YOB |
         31  |  -.0053516   .0060827    -0.88   0.379    -.0172735    .0065703
         32  |  -.0158557   .0067724    -2.34   0.019    -.0291295    -.002582
         33  |  -.0195014   .0077958    -2.50   0.012    -.0347809   -.0042219
         34  |  -.0179526   .0072037    -2.49   0.013    -.0320716   -.0038336
         35  |  -.0234482   .0068152    -3.44   0.001    -.0368059   -.0100906
         36  |  -.0177873   .0067428    -2.64   0.008     -.031003   -.0045716
         37  |  -.0192307   .0068759    -2.80   0.005    -.0327072   -.0057542
         38  |  -.0208913   .0084656    -2.47   0.014    -.0374836    -.004299
         39  |  -.0331682   .0093689    -3.54   0.000    -.0515308   -.0148055
             |
       _cons |   5.678606   .0672541    84.44   0.000     5.546791    5.810422
------------------------------------------------------------------------------
Instrumented:  college_grad
Instruments:   31.YOB 32.YOB 33.YOB 34.YOB 35.YOB 36.YOB 37.YOB 38.YOB
               39.YOB 2.QOB 3.QOB 4.QOB 31.YOB#2.QOB 31.YOB#3.QOB
               31.YOB#4.QOB 32.YOB#2.QOB 32.YOB#3.QOB 32.YOB#4.QOB
               33.YOB#2.QOB 33.YOB#3.QOB 33.YOB#4.QOB 34.YOB#2.QOB
               34.YOB#3.QOB 34.YOB#4.QOB 35.YOB#2.QOB 35.YOB#3.QOB
               35.YOB#4.QOB 36.YOB#2.QOB 36.YOB#3.QOB 36.YOB#4.QOB
               37.YOB#2.QOB 37.YOB#3.QOB 37.YOB#4.QOB 38.YOB#2.QOB
               38.YOB#3.QOB 38.YOB#4.QOB 39.YOB#2.QOB 39.YOB#3.QOB
               39.YOB#4.QOB

. estat overid

  Tests of overidentifying restrictions:

  Anderson-Rubin chi2(29) = 38.2446  (p = 0.1170)
  Basmann F(29, 329469)  =  1.31862  (p = 0.1171)

. local chi_score = r(ar)

. local chi_df = r(ar_df)

. 
. estat firststage

  First-stage regression summary statistics
  --------------------------------------------------------------------------
               |            Adjusted      Partial
      Variable |   R-sq.       R-sq.        R-sq.   F(30,329469)  Prob > F
  -------------+------------------------------------------------------------
  college_grad |  0.0005      0.0003       0.0002       2.23369    0.0001
  --------------------------------------------------------------------------


  Minimum eigenvalue statistic = 2.23369     

  Critical Values                      # of endogenous regressors:    1
  Ho: Instruments are weak             # of excluded instruments:    30
  ---------------------------------------------------------------------
                                     |    5%     10%     20%     30%
  2SLS relative bias                 |  21.42   11.32    6.09    4.29
  -----------------------------------+---------------------------------
                                     |   10%     15%     20%     25%
  2SLS Size of nominal 5% Wald test  |  86.17   44.78   30.72   23.65
  LIML Size of nominal 5% Wald test  |   3.88    2.18    1.89    1.75
  ---------------------------------------------------------------------


. local real_f = r(mineig)

. 
. * Output everything

. outreg2 using Question6.xls, se dec(5) ctitle(LIML) keep(college_grad) nocons addtext(Year f
> ixed effects, Yes) addstat(Chi-squared, `chi_score', Chi-squared df, `chi_df', F-statistic f
> or instruments, `real_f') append
Question6.xls
dir : seeout

. log close
      name:  <unnamed>
       log:  /Users/andrew/Desktop/PS4 Stata log.log
  log type:  text
 closed on:   5 Nov 2013, 14:29:25
----------------------------------------------------------------------------------------------
